[2026-01-11T12:18:22.331Z] [unhandledRejection] Error: 429: Too Many Requests: retry after 768
    at Telegram.callApi (/Users/kvasnevdanila/Documents/HWA/HomeworkApp/node_modules/telegraf/lib/core/network/client.js:315:19)
    at process.processTicksAndRejections (node:internal/process/task_queues:105:5)

[2026-01-11T12:18:22.449Z] [unhandledRejection] Error: 409: Conflict: terminated by other getUpdates request; make sure that only one bot instance is running
    at Telegram.callApi (/Users/kvasnevdanila/Documents/HWA/HomeworkApp/node_modules/telegraf/lib/core/network/client.js:315:19)
    at process.processTicksAndRejections (node:internal/process/task_queues:105:5)
    at async [Symbol.asyncIterator] (/Users/kvasnevdanila/Documents/HWA/HomeworkApp/node_modules/telegraf/lib/core/network/polling.js:30:33)
    at async Polling.loop (/Users/kvasnevdanila/Documents/HWA/HomeworkApp/node_modules/telegraf/lib/core/network/polling.js:73:30)
    at async Telegraf.launch (/Users/kvasnevdanila/Documents/HWA/HomeworkApp/node_modules/telegraf/lib/telegraf.js:194:13)

[2026-01-11T12:18:39.126Z] [unhandledRejection] Error: 429: Too Many Requests: retry after 751
    at Telegram.callApi (/Users/kvasnevdanila/Documents/HWA/HomeworkApp/node_modules/telegraf/lib/core/network/client.js:315:19)
    at process.processTicksAndRejections (node:internal/process/task_queues:105:5)

[2026-01-11T12:18:39.159Z] [unhandledRejection] Error: 409: Conflict: terminated by other getUpdates request; make sure that only one bot instance is running
    at Telegram.callApi (/Users/kvasnevdanila/Documents/HWA/HomeworkApp/node_modules/telegraf/lib/core/network/client.js:315:19)
    at process.processTicksAndRejections (node:internal/process/task_queues:105:5)
    at async [Symbol.asyncIterator] (/Users/kvasnevdanila/Documents/HWA/HomeworkApp/node_modules/telegraf/lib/core/network/polling.js:30:33)
    at async Polling.loop (/Users/kvasnevdanila/Documents/HWA/HomeworkApp/node_modules/telegraf/lib/core/network/polling.js:73:30)
    at async Telegraf.launch (/Users/kvasnevdanila/Documents/HWA/HomeworkApp/node_modules/telegraf/lib/telegraf.js:194:13)

[2026-01-11T12:18:51.042Z] [unhandledRejection] Error: 429: Too Many Requests: retry after 739
    at Telegram.callApi (/Users/kvasnevdanila/Documents/HWA/HomeworkApp/node_modules/telegraf/lib/core/network/client.js:315:19)
    at process.processTicksAndRejections (node:internal/process/task_queues:105:5)

[2026-01-11T12:18:51.204Z] [unhandledRejection] Error: 409: Conflict: terminated by other getUpdates request; make sure that only one bot instance is running
    at Telegram.callApi (/Users/kvasnevdanila/Documents/HWA/HomeworkApp/node_modules/telegraf/lib/core/network/client.js:315:19)
    at process.processTicksAndRejections (node:internal/process/task_queues:105:5)
    at async [Symbol.asyncIterator] (/Users/kvasnevdanila/Documents/HWA/HomeworkApp/node_modules/telegraf/lib/core/network/polling.js:30:33)
    at async Polling.loop (/Users/kvasnevdanila/Documents/HWA/HomeworkApp/node_modules/telegraf/lib/core/network/polling.js:73:30)
    at async Telegraf.launch (/Users/kvasnevdanila/Documents/HWA/HomeworkApp/node_modules/telegraf/lib/telegraf.js:194:13)

[2026-01-11T12:19:02.976Z] [unhandledRejection] Error: 409: Conflict: terminated by other getUpdates request; make sure that only one bot instance is running
    at Telegram.callApi (/Users/kvasnevdanila/Documents/HWA/HomeworkApp/node_modules/telegraf/lib/core/network/client.js:315:19)
    at process.processTicksAndRejections (node:internal/process/task_queues:105:5)
    at async [Symbol.asyncIterator] (/Users/kvasnevdanila/Documents/HWA/HomeworkApp/node_modules/telegraf/lib/core/network/polling.js:30:33)
    at async Polling.loop (/Users/kvasnevdanila/Documents/HWA/HomeworkApp/node_modules/telegraf/lib/core/network/polling.js:73:30)
    at async Telegraf.launch (/Users/kvasnevdanila/Documents/HWA/HomeworkApp/node_modules/telegraf/lib/telegraf.js:194:13)

[2026-01-11T12:19:03.019Z] [unhandledRejection] Error: 429: Too Many Requests: retry after 727
    at Telegram.callApi (/Users/kvasnevdanila/Documents/HWA/HomeworkApp/node_modules/telegraf/lib/core/network/client.js:315:19)
    at process.processTicksAndRejections (node:internal/process/task_queues:105:5)

[2026-01-11T12:19:15.002Z] [unhandledRejection] Error: 429: Too Many Requests: retry after 715
    at Telegram.callApi (/Users/kvasnevdanila/Documents/HWA/HomeworkApp/node_modules/telegraf/lib/core/network/client.js:315:19)
    at process.processTicksAndRejections (node:internal/process/task_queues:105:5)

[2026-01-11T12:19:15.133Z] [unhandledRejection] Error: 409: Conflict: terminated by other getUpdates request; make sure that only one bot instance is running
    at Telegram.callApi (/Users/kvasnevdanila/Documents/HWA/HomeworkApp/node_modules/telegraf/lib/core/network/client.js:315:19)
    at process.processTicksAndRejections (node:internal/process/task_queues:105:5)
    at async [Symbol.asyncIterator] (/Users/kvasnevdanila/Documents/HWA/HomeworkApp/node_modules/telegraf/lib/core/network/polling.js:30:33)
    at async Polling.loop (/Users/kvasnevdanila/Documents/HWA/HomeworkApp/node_modules/telegraf/lib/core/network/polling.js:73:30)
    at async Telegraf.launch (/Users/kvasnevdanila/Documents/HWA/HomeworkApp/node_modules/telegraf/lib/telegraf.js:194:13)

[2026-01-11T12:19:26.781Z] [unhandledRejection] Error: 429: Too Many Requests: retry after 704
    at Telegram.callApi (/Users/kvasnevdanila/Documents/HWA/HomeworkApp/node_modules/telegraf/lib/core/network/client.js:315:19)
    at process.processTicksAndRejections (node:internal/process/task_queues:105:5)

[2026-01-11T12:19:26.847Z] [unhandledRejection] Error: 409: Conflict: terminated by other getUpdates request; make sure that only one bot instance is running
    at Telegram.callApi (/Users/kvasnevdanila/Documents/HWA/HomeworkApp/node_modules/telegraf/lib/core/network/client.js:315:19)
    at process.processTicksAndRejections (node:internal/process/task_queues:105:5)
    at async [Symbol.asyncIterator] (/Users/kvasnevdanila/Documents/HWA/HomeworkApp/node_modules/telegraf/lib/core/network/polling.js:30:33)
    at async Polling.loop (/Users/kvasnevdanila/Documents/HWA/HomeworkApp/node_modules/telegraf/lib/core/network/polling.js:73:30)
    at async Telegraf.launch (/Users/kvasnevdanila/Documents/HWA/HomeworkApp/node_modules/telegraf/lib/telegraf.js:194:13)

[2026-01-11T12:19:38.395Z] [unhandledRejection] Error: 429: Too Many Requests: retry after 692
    at Telegram.callApi (/Users/kvasnevdanila/Documents/HWA/HomeworkApp/node_modules/telegraf/lib/core/network/client.js:315:19)
    at process.processTicksAndRejections (node:internal/process/task_queues:105:5)

[2026-01-11T12:19:38.581Z] [unhandledRejection] Error: 409: Conflict: terminated by other getUpdates request; make sure that only one bot instance is running
    at Telegram.callApi (/Users/kvasnevdanila/Documents/HWA/HomeworkApp/node_modules/telegraf/lib/core/network/client.js:315:19)
    at process.processTicksAndRejections (node:internal/process/task_queues:105:5)
    at async [Symbol.asyncIterator] (/Users/kvasnevdanila/Documents/HWA/HomeworkApp/node_modules/telegraf/lib/core/network/polling.js:30:33)
    at async Polling.loop (/Users/kvasnevdanila/Documents/HWA/HomeworkApp/node_modules/telegraf/lib/core/network/polling.js:73:30)
    at async Telegraf.launch (/Users/kvasnevdanila/Documents/HWA/HomeworkApp/node_modules/telegraf/lib/telegraf.js:194:13)

[2026-01-11T12:19:50.131Z] [unhandledRejection] Error: 429: Too Many Requests: retry after 680
    at Telegram.callApi (/Users/kvasnevdanila/Documents/HWA/HomeworkApp/node_modules/telegraf/lib/core/network/client.js:315:19)
    at process.processTicksAndRejections (node:internal/process/task_queues:105:5)

[2026-01-11T12:19:50.278Z] [unhandledRejection] Error: 409: Conflict: terminated by other getUpdates request; make sure that only one bot instance is running
    at Telegram.callApi (/Users/kvasnevdanila/Documents/HWA/HomeworkApp/node_modules/telegraf/lib/core/network/client.js:315:19)
    at process.processTicksAndRejections (node:internal/process/task_queues:105:5)
    at async [Symbol.asyncIterator] (/Users/kvasnevdanila/Documents/HWA/HomeworkApp/node_modules/telegraf/lib/core/network/polling.js:30:33)
    at async Polling.loop (/Users/kvasnevdanila/Documents/HWA/HomeworkApp/node_modules/telegraf/lib/core/network/polling.js:73:30)
    at async Telegraf.launch (/Users/kvasnevdanila/Documents/HWA/HomeworkApp/node_modules/telegraf/lib/telegraf.js:194:13)

[2026-01-11T12:20:06.784Z] [unhandledRejection] Error: 429: Too Many Requests: retry after 664
    at Telegram.callApi (/Users/kvasnevdanila/Documents/HWA/HomeworkApp/node_modules/telegraf/lib/core/network/client.js:315:19)
    at process.processTicksAndRejections (node:internal/process/task_queues:105:5)

[2026-01-11T12:21:06.338Z] [unhandledRejection] Error: 429: Too Many Requests: retry after 604
    at Telegram.callApi (/Users/kvasnevdanila/Documents/HWA/HomeworkApp/node_modules/telegraf/lib/core/network/client.js:315:19)
    at process.processTicksAndRejections (node:internal/process/task_queues:105:5)

[2026-01-11T12:21:18.419Z] [unhandledRejection] Error: 409: Conflict: terminated by other getUpdates request; make sure that only one bot instance is running
    at Telegram.callApi (/Users/kvasnevdanila/Documents/HWA/HomeworkApp/node_modules/telegraf/lib/core/network/client.js:315:19)
    at process.processTicksAndRejections (node:internal/process/task_queues:105:5)
    at async [Symbol.asyncIterator] (/Users/kvasnevdanila/Documents/HWA/HomeworkApp/node_modules/telegraf/lib/core/network/polling.js:30:33)
    at async Polling.loop (/Users/kvasnevdanila/Documents/HWA/HomeworkApp/node_modules/telegraf/lib/core/network/polling.js:73:30)
    at async Telegraf.launch (/Users/kvasnevdanila/Documents/HWA/HomeworkApp/node_modules/telegraf/lib/telegraf.js:194:13)

[2026-01-11T12:21:18.424Z] [unhandledRejection] Error: 429: Too Many Requests: retry after 592
    at Telegram.callApi (/Users/kvasnevdanila/Documents/HWA/HomeworkApp/node_modules/telegraf/lib/core/network/client.js:315:19)
    at process.processTicksAndRejections (node:internal/process/task_queues:105:5)

[2026-01-11T12:22:19.053Z] [unhandledRejection] Error: 429: Too Many Requests: retry after 531
    at Telegram.callApi (/Users/kvasnevdanila/Documents/HWA/HomeworkApp/node_modules/telegraf/lib/core/network/client.js:315:19)
    at process.processTicksAndRejections (node:internal/process/task_queues:105:5)

[2026-01-11T12:22:31.169Z] [unhandledRejection] Error: 429: Too Many Requests: retry after 519
    at Telegram.callApi (/Users/kvasnevdanila/Documents/HWA/HomeworkApp/node_modules/telegraf/lib/core/network/client.js:315:19)
    at process.processTicksAndRejections (node:internal/process/task_queues:105:5)

[2026-01-11T12:22:31.313Z] [unhandledRejection] Error: 409: Conflict: terminated by other getUpdates request; make sure that only one bot instance is running
    at Telegram.callApi (/Users/kvasnevdanila/Documents/HWA/HomeworkApp/node_modules/telegraf/lib/core/network/client.js:315:19)
    at process.processTicksAndRejections (node:internal/process/task_queues:105:5)
    at async [Symbol.asyncIterator] (/Users/kvasnevdanila/Documents/HWA/HomeworkApp/node_modules/telegraf/lib/core/network/polling.js:30:33)
    at async Polling.loop (/Users/kvasnevdanila/Documents/HWA/HomeworkApp/node_modules/telegraf/lib/core/network/polling.js:73:30)
    at async Telegraf.launch (/Users/kvasnevdanila/Documents/HWA/HomeworkApp/node_modules/telegraf/lib/telegraf.js:194:13)

[2026-01-11T12:22:43.149Z] [unhandledRejection] Error: 409: Conflict: terminated by other getUpdates request; make sure that only one bot instance is running
    at Telegram.callApi (/Users/kvasnevdanila/Documents/HWA/HomeworkApp/node_modules/telegraf/lib/core/network/client.js:315:19)
    at process.processTicksAndRejections (node:internal/process/task_queues:105:5)
    at async [Symbol.asyncIterator] (/Users/kvasnevdanila/Documents/HWA/HomeworkApp/node_modules/telegraf/lib/core/network/polling.js:30:33)
    at async Polling.loop (/Users/kvasnevdanila/Documents/HWA/HomeworkApp/node_modules/telegraf/lib/core/network/polling.js:73:30)
    at async Telegraf.launch (/Users/kvasnevdanila/Documents/HWA/HomeworkApp/node_modules/telegraf/lib/telegraf.js:194:13)

[2026-01-11T12:22:43.269Z] [unhandledRejection] Error: 429: Too Many Requests: retry after 507
    at Telegram.callApi (/Users/kvasnevdanila/Documents/HWA/HomeworkApp/node_modules/telegraf/lib/core/network/client.js:315:19)
    at process.processTicksAndRejections (node:internal/process/task_queues:105:5)

[2026-01-11T12:22:52.097Z] [unhandledRejection] Error: 429: Too Many Requests: retry after 498
    at Telegram.callApi (/Users/kvasnevdanila/Documents/HWA/HomeworkApp/node_modules/telegraf/lib/core/network/client.js:315:19)
    at process.processTicksAndRejections (node:internal/process/task_queues:105:5)

[2026-01-11T12:23:03.805Z] [unhandledRejection] Error: 429: Too Many Requests: retry after 487
    at Telegram.callApi (/Users/kvasnevdanila/Documents/HWA/HomeworkApp/node_modules/telegraf/lib/core/network/client.js:315:19)
    at process.processTicksAndRejections (node:internal/process/task_queues:105:5)

[2026-01-11T12:23:03.900Z] [unhandledRejection] Error: 409: Conflict: terminated by other getUpdates request; make sure that only one bot instance is running
    at Telegram.callApi (/Users/kvasnevdanila/Documents/HWA/HomeworkApp/node_modules/telegraf/lib/core/network/client.js:315:19)
    at process.processTicksAndRejections (node:internal/process/task_queues:105:5)
    at async [Symbol.asyncIterator] (/Users/kvasnevdanila/Documents/HWA/HomeworkApp/node_modules/telegraf/lib/core/network/polling.js:30:33)
    at async Polling.loop (/Users/kvasnevdanila/Documents/HWA/HomeworkApp/node_modules/telegraf/lib/core/network/polling.js:73:30)
    at async Telegraf.launch (/Users/kvasnevdanila/Documents/HWA/HomeworkApp/node_modules/telegraf/lib/telegraf.js:194:13)

[2026-01-12T05:31:51.087Z] [unhandledRejection] FetchError: request to https://api.telegram.org/bot8237748758:[REDACTED]/getMe failed, reason: getaddrinfo ENOTFOUND api.telegram.org
    at ClientRequest.<anonymous> (/Users/kvasnevdanila/Documents/HWA/HomeworkApp/node_modules/node-fetch/lib/index.js:1501:11)
    at ClientRequest.emit (node:events:519:28)
    at emitErrorEvent (node:_http_client:105:11)
    at TLSSocket.socketErrorListener (node:_http_client:518:5)
    at TLSSocket.emit (node:events:519:28)
    at emitErrorNT (node:internal/streams/destroy:170:8)
    at emitErrorCloseNT (node:internal/streams/destroy:129:3)
    at process.processTicksAndRejections (node:internal/process/task_queues:90:21)

[2026-01-12T05:31:51.089Z] [unhandledRejection] FetchError: request to https://api.telegram.org/bot8237748758:[REDACTED]/setMyCommands failed, reason: getaddrinfo ENOTFOUND api.telegram.org
    at ClientRequest.<anonymous> (/Users/kvasnevdanila/Documents/HWA/HomeworkApp/node_modules/node-fetch/lib/index.js:1501:11)
    at ClientRequest.emit (node:events:519:28)
    at emitErrorEvent (node:_http_client:105:11)
    at TLSSocket.socketErrorListener (node:_http_client:518:5)
    at TLSSocket.emit (node:events:519:28)
    at emitErrorNT (node:internal/streams/destroy:170:8)
    at emitErrorCloseNT (node:internal/streams/destroy:129:3)
    at process.processTicksAndRejections (node:internal/process/task_queues:90:21)

[2026-01-12T05:35:27.489Z] [unhandledRejection] FetchError: request to https://api.telegram.org/bot8237748758:[REDACTED]/setMyCommands failed, reason: getaddrinfo ENOTFOUND api.telegram.org
    at ClientRequest.<anonymous> (/Users/kvasnevdanila/Documents/HWA/HomeworkApp/node_modules/node-fetch/lib/index.js:1501:11)
    at ClientRequest.emit (node:events:519:28)
    at emitErrorEvent (node:_http_client:105:11)
    at TLSSocket.socketErrorListener (node:_http_client:518:5)
    at TLSSocket.emit (node:events:519:28)
    at emitErrorNT (node:internal/streams/destroy:170:8)
    at emitErrorCloseNT (node:internal/streams/destroy:129:3)
    at process.processTicksAndRejections (node:internal/process/task_queues:90:21)

[2026-01-12T05:35:27.492Z] [unhandledRejection] FetchError: request to https://api.telegram.org/bot8237748758:[REDACTED]/getMe failed, reason: getaddrinfo ENOTFOUND api.telegram.org
    at ClientRequest.<anonymous> (/Users/kvasnevdanila/Documents/HWA/HomeworkApp/node_modules/node-fetch/lib/index.js:1501:11)
    at ClientRequest.emit (node:events:519:28)
    at emitErrorEvent (node:_http_client:105:11)
    at TLSSocket.socketErrorListener (node:_http_client:518:5)
    at TLSSocket.emit (node:events:519:28)
    at emitErrorNT (node:internal/streams/destroy:170:8)
    at emitErrorCloseNT (node:internal/streams/destroy:129:3)
    at process.processTicksAndRejections (node:internal/process/task_queues:90:21)

[2026-01-28T09:08:27.661Z] [unhandledRejection] FetchError: request to https://api.telegram.org/bot8237748758:[REDACTED]/getMe failed, reason: getaddrinfo ENOTFOUND api.telegram.org
    at ClientRequest.<anonymous> (/Users/kvasnevdanila/Documents/HWA/HomeworkApp/node_modules/node-fetch/lib/index.js:1501:11)
    at ClientRequest.emit (node:events:519:28)
    at emitErrorEvent (node:_http_client:105:11)
    at TLSSocket.socketErrorListener (node:_http_client:518:5)
    at TLSSocket.emit (node:events:519:28)
    at emitErrorNT (node:internal/streams/destroy:170:8)
    at emitErrorCloseNT (node:internal/streams/destroy:129:3)
    at process.processTicksAndRejections (node:internal/process/task_queues:90:21)

[2026-01-28T09:08:27.667Z] [unhandledRejection] FetchError: request to https://api.telegram.org/bot8237748758:[REDACTED]/setMyCommands failed, reason: getaddrinfo ENOTFOUND api.telegram.org
    at ClientRequest.<anonymous> (/Users/kvasnevdanila/Documents/HWA/HomeworkApp/node_modules/node-fetch/lib/index.js:1501:11)
    at ClientRequest.emit (node:events:519:28)
    at emitErrorEvent (node:_http_client:105:11)
    at TLSSocket.socketErrorListener (node:_http_client:518:5)
    at TLSSocket.emit (node:events:519:28)
    at emitErrorNT (node:internal/streams/destroy:170:8)
    at emitErrorCloseNT (node:internal/streams/destroy:129:3)
    at process.processTicksAndRejections (node:internal/process/task_queues:90:21)

[2026-01-28T09:09:58.710Z] [unhandledRejection] FetchError: request to https://api.telegram.org/bot8237748758:[REDACTED]/setMyCommands failed, reason: getaddrinfo ENOTFOUND api.telegram.org
    at ClientRequest.<anonymous> (/Users/kvasnevdanila/Documents/HWA/HomeworkApp/node_modules/node-fetch/lib/index.js:1501:11)
    at ClientRequest.emit (node:events:519:28)
    at emitErrorEvent (node:_http_client:105:11)
    at TLSSocket.socketErrorListener (node:_http_client:518:5)
    at TLSSocket.emit (node:events:519:28)
    at emitErrorNT (node:internal/streams/destroy:170:8)
    at emitErrorCloseNT (node:internal/streams/destroy:129:3)
    at process.processTicksAndRejections (node:internal/process/task_queues:90:21)

[2026-01-28T09:09:58.712Z] [unhandledRejection] FetchError: request to https://api.telegram.org/bot8237748758:[REDACTED]/getMe failed, reason: getaddrinfo ENOTFOUND api.telegram.org
    at ClientRequest.<anonymous> (/Users/kvasnevdanila/Documents/HWA/HomeworkApp/node_modules/node-fetch/lib/index.js:1501:11)
    at ClientRequest.emit (node:events:519:28)
    at emitErrorEvent (node:_http_client:105:11)
    at TLSSocket.socketErrorListener (node:_http_client:518:5)
    at TLSSocket.emit (node:events:519:28)
    at emitErrorNT (node:internal/streams/destroy:170:8)
    at emitErrorCloseNT (node:internal/streams/destroy:129:3)
    at process.processTicksAndRejections (node:internal/process/task_queues:90:21)

[2026-01-28T09:12:22.821Z] [unhandledRejection] FetchError: request to https://api.telegram.org/bot8237748758:[REDACTED]/getMe failed, reason: getaddrinfo ENOTFOUND api.telegram.org
    at ClientRequest.<anonymous> (/Users/kvasnevdanila/Documents/HWA/HomeworkApp/node_modules/node-fetch/lib/index.js:1501:11)
    at ClientRequest.emit (node:events:519:28)
    at emitErrorEvent (node:_http_client:105:11)
    at TLSSocket.socketErrorListener (node:_http_client:518:5)
    at TLSSocket.emit (node:events:519:28)
    at emitErrorNT (node:internal/streams/destroy:170:8)
    at emitErrorCloseNT (node:internal/streams/destroy:129:3)
    at process.processTicksAndRejections (node:internal/process/task_queues:90:21)

[2026-01-28T09:12:22.828Z] [unhandledRejection] FetchError: request to https://api.telegram.org/bot8237748758:[REDACTED]/setMyCommands failed, reason: getaddrinfo ENOTFOUND api.telegram.org
    at ClientRequest.<anonymous> (/Users/kvasnevdanila/Documents/HWA/HomeworkApp/node_modules/node-fetch/lib/index.js:1501:11)
    at ClientRequest.emit (node:events:519:28)
    at emitErrorEvent (node:_http_client:105:11)
    at TLSSocket.socketErrorListener (node:_http_client:518:5)
    at TLSSocket.emit (node:events:519:28)
    at emitErrorNT (node:internal/streams/destroy:170:8)
    at emitErrorCloseNT (node:internal/streams/destroy:129:3)
    at process.processTicksAndRejections (node:internal/process/task_queues:90:21)

[2026-01-28T09:51:17.376Z] [unhandledRejection] Error: 400: Bad Request: can't parse BotCommand: Can't find field "description"
    at Telegram.callApi (/Users/kvasnevdanila/Documents/HWA/HomeworkApp/node_modules/telegraf/lib/core/network/client.js:315:19)
    at process.processTicksAndRejections (node:internal/process/task_queues:105:5)

[2026-01-28T09:51:19.516Z] [unhandledRejection] Error: 400: Bad Request: can't parse BotCommand: Can't find field "description"
    at Telegram.callApi (/Users/kvasnevdanila/Documents/HWA/HomeworkApp/node_modules/telegraf/lib/core/network/client.js:315:19)
    at process.processTicksAndRejections (node:internal/process/task_queues:105:5)

[2026-01-28T09:51:22.220Z] [unhandledRejection] Error: 400: Bad Request: can't parse BotCommand: Can't find field "description"
    at Telegram.callApi (/Users/kvasnevdanila/Documents/HWA/HomeworkApp/node_modules/telegraf/lib/core/network/client.js:315:19)
    at process.processTicksAndRejections (node:internal/process/task_queues:105:5)

[2026-01-28T09:51:29.313Z] [unhandledRejection] Error: 400: Bad Request: command description must be non-empty
    at Telegram.callApi (/Users/kvasnevdanila/Documents/HWA/HomeworkApp/node_modules/telegraf/lib/core/network/client.js:315:19)
    at process.processTicksAndRejections (node:internal/process/task_queues:105:5)

[2026-01-28T09:52:27.384Z] [unhandledRejection] Error: 400: Bad Request: can't parse BotCommand: Can't find field "command"
    at Telegram.callApi (/Users/kvasnevdanila/Documents/HWA/HomeworkApp/node_modules/telegraf/lib/core/network/client.js:315:19)
    at process.processTicksAndRejections (node:internal/process/task_queues:105:5)

[2026-01-28T09:52:32.047Z] [unhandledRejection] Error: 400: Bad Request: can't parse BotCommand: Can't find field "command"
    at Telegram.callApi (/Users/kvasnevdanila/Documents/HWA/HomeworkApp/node_modules/telegraf/lib/core/network/client.js:315:19)
    at process.processTicksAndRejections (node:internal/process/task_queues:105:5)

[2026-01-28T09:52:40.337Z] [unhandledRejection] Error: 400: Bad Request: command must be non-empty
    at Telegram.callApi (/Users/kvasnevdanila/Documents/HWA/HomeworkApp/node_modules/telegraf/lib/core/network/client.js:315:19)
    at process.processTicksAndRejections (node:internal/process/task_queues:105:5)

[2026-01-28T09:53:02.822Z] [unhandledRejection] Error: 400: Bad Request: command must be non-empty
    at Telegram.callApi (/Users/kvasnevdanila/Documents/HWA/HomeworkApp/node_modules/telegraf/lib/core/network/client.js:315:19)
    at process.processTicksAndRejections (node:internal/process/task_queues:105:5)

[2026-02-25T15:07:15.143Z] [unhandledRejection] Error: 409: Conflict: terminated by other getUpdates request; make sure that only one bot instance is running
    at Telegram.callApi (/Users/kvasnevdanila/Documents/HWA/HomeworkApp/node_modules/telegraf/lib/core/network/client.js:315:19)
    at process.processTicksAndRejections (node:internal/process/task_queues:105:5)
    at async [Symbol.asyncIterator] (/Users/kvasnevdanila/Documents/HWA/HomeworkApp/node_modules/telegraf/lib/core/network/polling.js:30:33)
    at async Polling.loop (/Users/kvasnevdanila/Documents/HWA/HomeworkApp/node_modules/telegraf/lib/core/network/polling.js:73:30)
    at async Telegraf.launch (/Users/kvasnevdanila/Documents/HWA/HomeworkApp/node_modules/telegraf/lib/telegraf.js:194:13)

